+---------------------------------------------------------------------------------------------------------------+
; Create Clock                                                                                                  ;
+--------------+------------+--------+-----------------+-------------------+-----------+-------------+----------+
; SDC Command  ; Name       ; Period ; Waveform        ; Targets           ; Add Clock ; Location    ; Comments ;
+--------------+------------+--------+-----------------+-------------------+-----------+-------------+----------+
; create_clock ; kernel_clk ; 9.000  ; { 0.000 4.500 } ; [get_ports {clk}] ;           ; probe.sdc:1 ;          ;
+--------------+------------+--------+-----------------+-------------------+-----------+-------------+----------+

+----------------------------------------------------------------------------------------------------------------------------------------------------+
; Set Clock Uncertainty                                                                                                                              ;
+-----------------------+-------+------------+---------------------------+----------+---------------------------+-------------+-----------+----------+
; SDC Command           ; Flags ; From Flags ; From                      ; To Flags ; To                        ; Uncertainty ; Source    ; Comments ;
+-----------------------+-------+------------+---------------------------+----------+---------------------------+-------------+-----------+----------+
; set_clock_uncertainty ;       ; -rise_from ; [get_clocks {kernel_clk}] ; -rise_to ; [get_clocks {kernel_clk}] ; 0.030       ; Generated ;          ;
; set_clock_uncertainty ;       ; -rise_from ; [get_clocks {kernel_clk}] ; -fall_to ; [get_clocks {kernel_clk}] ; 0.030       ; Generated ;          ;
; set_clock_uncertainty ;       ; -fall_from ; [get_clocks {kernel_clk}] ; -rise_to ; [get_clocks {kernel_clk}] ; 0.030       ; Generated ;          ;
; set_clock_uncertainty ;       ; -fall_from ; [get_clocks {kernel_clk}] ; -fall_to ; [get_clocks {kernel_clk}] ; 0.030       ; Generated ;          ;
+-----------------------+-------+------------+---------------------------+----------+---------------------------+-------------+-----------+----------+

