+-----------------------------------------------------------------------------------------------------------------------------------------------------------------------------------------------+
; Create Clock                                                                                                                                                                                  ;
+--------------+------------+--------+-----------------+-------------------+-----------+---------------------------------------------------------------------------------------------+----------+
; SDC Command  ; Name       ; Period ; Waveform        ; Targets           ; Add Clock ; Location                                                                                    ; Comments ;
+--------------+------------+--------+-----------------+-------------------+-----------+---------------------------------------------------------------------------------------------+----------+
; create_clock ; kernel_clk ; 12.814 ; { 0.000 6.407 } ; [get_ports {clk}] ;           ; ../../audit-tools-s4-p8-canonical-pipe-whole-10000-v1-audit5/postfit_plain_timing_v1.tcl:72 ;          ;
+--------------+------------+--------+-----------------+-------------------+-----------+---------------------------------------------------------------------------------------------+----------+

+----------------------------------------------------------------------------------------------------------------------------------------------------+
; Set Clock Uncertainty                                                                                                                              ;
+-----------------------+-------+------------+---------------------------+----------+---------------------------+-------------+-----------+----------+
; SDC Command           ; Flags ; From Flags ; From                      ; To Flags ; To                        ; Uncertainty ; Source    ; Comments ;
+-----------------------+-------+------------+---------------------------+----------+---------------------------+-------------+-----------+----------+
; set_clock_uncertainty ;       ; -rise_from ; [get_clocks {kernel_clk}] ; -rise_to ; [get_clocks {kernel_clk}] ; 0.030       ; Generated ;          ;
; set_clock_uncertainty ;       ; -rise_from ; [get_clocks {kernel_clk}] ; -fall_to ; [get_clocks {kernel_clk}] ; 0.030       ; Generated ;          ;
; set_clock_uncertainty ;       ; -fall_from ; [get_clocks {kernel_clk}] ; -rise_to ; [get_clocks {kernel_clk}] ; 0.030       ; Generated ;          ;
; set_clock_uncertainty ;       ; -fall_from ; [get_clocks {kernel_clk}] ; -fall_to ; [get_clocks {kernel_clk}] ; 0.030       ; Generated ;          ;
+-----------------------+-------+------------+---------------------------+----------+---------------------------+-------------+-----------+----------+

