Flow report for probe
Thu Oct  1 21:16:08 2026
Quartus Prime Version 26.1.0 Build 110 03/26/2026 SC Pro Edition


---------------------
; Table of Contents ;
---------------------
  1. Flow Summary
  2. Flow Settings
  3. Flow Non-Default Global Settings
  4. Flow Elapsed Time
  5. Flow OS Summary
  6. Flow Log
  7. Legal Notice



+-------------------------------------------------------------------------------+
; Flow Summary                                                                  ;
+-----------------------------+-------------------------------------------------+
; Flow Status                 ; Successful - Thu Oct  1 21:15:14 2026           ;
; Quartus Prime Version       ; 26.1.0 Build 110 03/26/2026 SC Pro Edition      ;
; Revision Name               ; probe                                           ;
; Top-level Entity Name       ; genefer_stream27_host_chain_aw16_p8_canonreg_v1 ;
; Family                      ; Arria 10                                        ;
; Device                      ; 10AX115N4F40E3SG                                ;
; Timing Models               ; Final                                           ;
; Power Models                ; Final                                           ;
; Device Status               ; Final                                           ;
; Logic utilization (in ALMs) ; 199,512 / 427,200 ( 47 % )                      ;
; Total registers             ; 433154                                          ;
; Total pins                  ; 2 / 826 ( < 1 % )                               ;
; Total virtual pins          ; 1,074                                           ;
; Total block memory bits     ; 29,266,518 / 55,562,240 ( 53 % )                ;
; Total RAM Blocks            ; 1,844 / 2,713 ( 68 % )                          ;
; Total DSP Blocks            ; 686 / 1,518 ( 45 % )                            ;
; Total HSSI RX channels      ; 0 / 48 ( 0 % )                                  ;
; Total HSSI TX channels      ; 0 / 48 ( 0 % )                                  ;
; Total PLLs                  ; 0 / 112 ( 0 % )                                 ;
+-----------------------------+-------------------------------------------------+


+-----------------------------------------+
; Flow Settings                           ;
+-------------------+---------------------+
; Option            ; Setting             ;
+-------------------+---------------------+
; Start date & time ; 10/01/2026 20:08:20 ;
; Main task         ; Compilation         ;
; Revision Name     ; probe               ;
+-------------------+---------------------+


+----------------------------------------------------------------------------------------------------------------------------+
; Flow Non-Default Global Settings                                                                                           ;
+-------------------------------+-------------------------------------------------+---------------+-------------+------------+
; Assignment Name               ; Value                                           ; Default Value ; Entity Name ; Section Id ;
+-------------------------------+-------------------------------------------------+---------------+-------------+------------+
; COMPILER_SIGNATURE_ID         ; 137359722602150.179088530039232                 ; --            ; --          ; --         ;
; ENABLE_INTERMEDIATE_SNAPSHOTS ; On                                              ; Off           ; --          ; --         ;
; NUM_PARALLEL_PROCESSORS       ; 4                                               ; --            ; --          ; --         ;
; PROJECT_OUTPUT_DIRECTORY      ; output_files                                    ; --            ; --          ; --         ;
; TOP_LEVEL_ENTITY              ; genefer_stream27_host_chain_aw16_p8_canonreg_v1 ; probe         ; --          ; --         ;
+-------------------------------+-------------------------------------------------+---------------+-------------+------------+


+------------------------------------------------------+
; Flow Elapsed Time                                    ;
+-----------------+--------------+---------------------+
; Module Name     ; Elapsed Time ; Peak Virtual Memory ;
+-----------------+--------------+---------------------+
; Synthesis       ; 00:04:00     ; 4798 MB             ;
; Fitter          ; 01:02:54     ; 17020 MB            ;
; Timing Analyzer ; 00:00:47     ; 9740 MB             ;
; Total           ; 01:07:41     ; --                  ;
+-----------------+--------------+---------------------+


+----------------------------------------------------------------------------+
; Flow OS Summary                                                            ;
+-----------------+------------------+---------+------------+----------------+
; Module Name     ; Machine Hostname ; OS Name ; OS Version ; Processor type ;
+-----------------+------------------+---------+------------+----------------+
; Synthesis       ; gfn16-azure-f16  ; Ubuntu  ; 24         ; x86_64         ;
; Fitter          ; gfn16-azure-f16  ; Ubuntu  ; 24         ; x86_64         ;
; Timing Analyzer ; gfn16-azure-f16  ; Ubuntu  ; 24         ; x86_64         ;
+-----------------+------------------+---------+------------+----------------+


------------
; Flow Log ;
------------
quartus_syn --read_settings_files=on --write_settings_files=off probe -c probe --dni
quartus_fit --read_settings_files=on --write_settings_files=off probe -c probe --dni
quartus_sta probe -c probe --dni



----------------
; Legal Notice ;
----------------
Copyright (C) 2026  Altera Corporation. All rights reserved.
Your use of Altera Corporation's design tools, logic functions 
and other software and tools, and any partner logic 
functions, and any output files from any of the foregoing 
(including device programming or simulation files), and any 
associated documentation or information are expressly subject 
to the terms and conditions of the Altera Program License 
Subscription Agreement, the Altera Quartus Prime License Agreement,
the Altera IP License Agreement, or other applicable license
agreement, including, without limitation, that your use is for
the sole purpose of programming logic devices manufactured by
Altera and sold by Altera or its authorized distributors.  Please
refer to the Altera Software License Subscription Agreements 
on the Quartus Prime software download page.



