+---------------------------------------------------------------------------------------------------------------------------------------------------------------------------------------------------+
; Create Clock                                                                                                                                                                                      ;
+--------------+------------+--------+-----------------+-------------------+-----------+-------------------------------------------------------------------------------------------------+----------+
; SDC Command  ; Name       ; Period ; Waveform        ; Targets           ; Add Clock ; Location                                                                                        ; Comments ;
+--------------+------------+--------+-----------------+-------------------+-----------+-------------------------------------------------------------------------------------------------+----------+
; create_clock ; kernel_clk ; 11.042 ; { 0.000 5.521 } ; [get_ports {clk}] ;           ; ../../audit-tools-s4-p16-timing-whole-9000-high-effort-v1-audit4/postfit_plain_timing_v1.tcl:72 ;          ;
+--------------+------------+--------+-----------------+-------------------+-----------+-------------------------------------------------------------------------------------------------+----------+

+----------------------------------------------------------------------------------------------------------------------------------------------------+
; Set Clock Uncertainty                                                                                                                              ;
+-----------------------+-------+------------+---------------------------+----------+---------------------------+-------------+-----------+----------+
; SDC Command           ; Flags ; From Flags ; From                      ; To Flags ; To                        ; Uncertainty ; Source    ; Comments ;
+-----------------------+-------+------------+---------------------------+----------+---------------------------+-------------+-----------+----------+
; set_clock_uncertainty ;       ; -rise_from ; [get_clocks {kernel_clk}] ; -rise_to ; [get_clocks {kernel_clk}] ; 0.030       ; Generated ;          ;
; set_clock_uncertainty ;       ; -rise_from ; [get_clocks {kernel_clk}] ; -fall_to ; [get_clocks {kernel_clk}] ; 0.030       ; Generated ;          ;
; set_clock_uncertainty ;       ; -fall_from ; [get_clocks {kernel_clk}] ; -rise_to ; [get_clocks {kernel_clk}] ; 0.030       ; Generated ;          ;
; set_clock_uncertainty ;       ; -fall_from ; [get_clocks {kernel_clk}] ; -fall_to ; [get_clocks {kernel_clk}] ; 0.030       ; Generated ;          ;
+-----------------------+-------+------------+---------------------------+----------+---------------------------+-------------+-----------+----------+

