Fitter Route Stage Report for probe
Fri Oct  2 00:33:16 2026
Quartus Prime Version 26.1.0 Build 110 03/26/2026 SC Pro Edition


---------------------
; Table of Contents ;
---------------------
  1. Legal Notice
  2. Nets with Highest Wire Count
  3. Delay Chain Summary
  4. Routing Usage Summary
  5. Route Messages
  6. Estimated Delay Added for Hold Timing Summary
  7. Estimated Delay Added for Hold Timing Details
  8. Global Router Wire Utilization Map
  9. Peak Wire Demand Summary
 10. Peak Wire Demand Details
 11. Peak Total Grid Crossings
 12. Global Router Congestion Hotspot Summary



----------------
; Legal Notice ;
----------------
Copyright (C) 2026  Altera Corporation. All rights reserved.
Your use of Altera Corporation's design tools, logic functions 
and other software and tools, and any partner logic 
functions, and any output files from any of the foregoing 
(including device programming or simulation files), and any 
associated documentation or information are expressly subject 
to the terms and conditions of the Altera Program License 
Subscription Agreement, the Altera Quartus Prime License Agreement,
the Altera IP License Agreement, or other applicable license
agreement, including, without limitation, that your use is for
the sole purpose of programming logic devices manufactured by
Altera and sold by Altera or its authorized distributors.  Please
refer to the Altera Software License Subscription Agreements 
on the Quartus Prime software download page.



+---------------------------------------------------------------------------------------------------------+
; Nets with Highest Wire Count                                                                            ;
+-------------------------------------------------------------------------+----------------------+--------+
; Net                                                                     ; Number of Wires Used ; Fanout ;
+-------------------------------------------------------------------------+----------------------+--------+
; rst_n~input                                                             ; 1002                 ; 744    ;
; ~GND                                                                    ; 871                  ; 3047   ;
; engine|recurrence|auto_correction~0                                     ; 288                  ; 1048   ;
; engine|recurrence|arithmetic|field2|high_correction[511]~0              ; 282                  ; 147    ;
; engine|recurrence|arithmetic|field2|i3678                               ; 281                  ; 1111   ;
; engine|recurrence|arithmetic|field1|epoch_protocol|pointwise_epoch[0]~0 ; 278                  ; 1199   ;
; engine|recurrence|arithmetic|field2|epoch_protocol|pointwise_epoch[0]~0 ; 277                  ; 1200   ;
; engine|recurrence|arithmetic|field0|epoch_protocol|pointwise_epoch[0]~0 ; 266                  ; 1195   ;
; engine|recurrence|feedback_slot~0                                       ; 266                  ; 803    ;
; engine|recurrence|arithmetic|shared_setup|reciprocal[52]                ; 258                  ; 83     ;
+-------------------------------------------------------------------------+----------------------+--------+


+--------------------------------------------------------------------------------------------------------------------------------------------------------+
; Delay Chain Summary                                                                                                                                    ;
+-------+----------+---------------------+--------------------+----------------+-----------------------------------+-------------------------------------+
; Name  ; Pin Type ; Input Delay Chain 0 ; Output Delay Chain ; OE Delay Chain ; IO_12_LANE Input Data Delay Chain ; IO_12_LANE Input Strobe Delay Chain ;
+-------+----------+---------------------+--------------------+----------------+-----------------------------------+-------------------------------------+
; rst_n ; Input    ; 0                   ; --                 ; --             ; --                                ; --                                  ;
; clk   ; Input    ; 0                   ; --                 ; --             ; --                                ; --                                  ;
+-------+----------+---------------------+--------------------+----------------+-----------------------------------+-------------------------------------+


+---------------------------------------------------------------+
; Routing Usage Summary                                         ;
+------------------------------+--------------------------------+
; Routing Resource Type        ; Usage                          ;
+------------------------------+--------------------------------+
; Block interconnects          ; 1,470,772 / 3,375,986 ( 44 % ) ;
; C27 interconnects            ; 15,417 / 56,741 ( 27 % )       ;
; C4 interconnects             ; 795,696 / 2,570,048 ( 31 % )   ;
; Direct links                 ; 328,805 / 3,375,986 ( 10 % )   ;
; Global clocks                ; 2 / 32 ( 6 % )                 ;
; Periphery clocks             ; 0 / 910 ( 0 % )                ;
; R3 interconnects             ; 449,894 / 1,214,760 ( 37 % )   ;
; R32 interconnects            ; 23,425 / 99,472 ( 24 % )       ;
; R32/C27 interconnect drivers ; 26,545 / 385,136 ( 7 % )       ;
; R6 interconnects             ; 812,575 / 2,336,152 ( 35 % )   ;
; Regional clock lefts         ; 0 / 16 ( 0 % )                 ;
; Regional clock out bottoms   ; 0 / 16 ( 0 % )                 ;
; Regional clock out tops      ; 0 / 16 ( 0 % )                 ;
; Regional clock rights        ; 0 / 16 ( 0 % )                 ;
; Regional clocks              ; 0 / 16 ( 0 % )                 ;
; Spine buffers                ; 32 / 704 ( 5 % )               ;
; Spine clocks                 ; 64 / 1,056 ( 6 % )             ;
; Spine feedthroughs           ; 0 / 1,024 ( 0 % )              ;
+------------------------------+--------------------------------+


+----------------+
; Route Messages ;
+----------------+
Info (20032): Parallel compilation is enabled and will use up to 4 processors
Info: *******************************************************************
Info: Running Quartus Prime Fitter
    Info: Version 26.1.0 Build 110 03/26/2026 SC Pro Edition
    Info: Processing started: Thu Oct  1 23:04:41 2026
    Info: System process ID: 80789
Info: Command: quartus_fit --read_settings_files=on --write_settings_files=off probe -c probe --dni
Info: qfit2_default_script.tcl version: #1
Info: Project  = probe
Info: Revision = probe
Info (22300): Design uses Placement Effort Multiplier = 1.0.
Info (170193): Fitter routing operations beginning
Info (170089): 3e+04 ns of routing delay (approximately 1.8% of available device routing delay) has been added to meet hold timing. For more information, refer to the Estimated Delay Added for Hold Timing section in the Fitter report.
Info (20215): Router estimated peak short interconnect demand : 71% of up directional wire in region X160_Y147 to X167_Y153
    Info (20265): Estimated peak short right directional wire demand : 63% in region X136_Y0 to X143_Y6
    Info (20265): Estimated peak short left directional wire demand : 70% in region X120_Y105 to X127_Y111
    Info (20265): Estimated peak short up directional wire demand : 71% in region X160_Y147 to X167_Y153
    Info (20265): Estimated peak short down directional wire demand : 70% in region X184_Y140 to X191_Y146
Info (20215): Router estimated peak long high speed interconnect demand : 156% of down directional wire in region X160_Y147 to X167_Y153
    Info (20265): Estimated peak long high speed right directional wire demand : 150% in region X200_Y147 to X207_Y153
    Info (20265): Estimated peak long high speed left directional wire demand : 137% in region X176_Y133 to X183_Y139
    Info (20265): Estimated peak long high speed up directional wire demand : 106% in region X216_Y133 to X223_Y139
    Info (20265): Estimated peak long high speed down directional wire demand : 156% in region X160_Y147 to X167_Y153
    Info (20315): Note that the router may use short wires to implement long connections at higher delay
Info (170202): The Fitter performed an Auto Fit compilation.  No optimizations were skipped because the design's timing and routability requirements required full optimization.
Info (25133): Total time spent on timing analysis during Routing is 231.39 seconds.
Info (16607): Fitter routing operations ending: elapsed time is 00:20:40


+------------------------------------------------------------+
; Estimated Delay Added for Hold Timing Summary              ;
+-----------------+----------------------+-------------------+
; Source Clock(s) ; Destination Clock(s) ; Delay Added in ns ;
+-----------------+----------------------+-------------------+
; kernel_clk      ; kernel_clk           ; 32774.2           ;
+-----------------+----------------------+-------------------+
Note: For more information on problematic transfers, consider running the Fitter again with the Optimize hold timing option (Settings Menu) turned off.
This will disable optimization of problematic paths and expose them for further analysis using the Timing Analyzer.


+----------------------------------------------------------------------------------------------------------------------------------------------------------------------------------------------------------------------------------------------------------------------------------------------------------------+
; Estimated Delay Added for Hold Timing Details                                                                                                                                                                                                                                                                  ;
+-----------------------------------------------------------------------------------------------------------------------------------------------+--------------------------------------------------------------------------------------------------------------------------------------------+-------------------+
; Source Register                                                                                                                               ; Destination Register                                                                                                                       ; Delay Added in ns ;
+-----------------------------------------------------------------------------------------------------------------------------------------------+--------------------------------------------------------------------------------------------------------------------------------------------+-------------------+
; engine|recurrence|arithmetic|field1|inverse_transform|stage6.shared_shuffle|upper_tags|short_mlab.memory_rtl_0|auto_generated|dataout_reg[7]  ; engine|recurrence|arithmetic|field1|inverse_transform|stage6.shared_shuffle|output_generation[7]                                           ; 0.698             ;
; engine|recurrence|arithmetic|field1|inverse_transform|stage6.shared_shuffle|upper_tags|short_mlab.memory_rtl_0|auto_generated|dataout_reg[4]  ; engine|recurrence|arithmetic|field1|inverse_transform|stage6.shared_shuffle|output_generation[4]                                           ; 0.693             ;
; engine|recurrence|arithmetic|field0|forward_transform|stage14.shared_shuffle|lower_tags|shallow_registers.original|short_logic.chain[1][2]    ; engine|recurrence|arithmetic|field0|forward_transform|stage14.shared_shuffle|upper_tags|shallow_registers.original|short_logic.chain[0][2] ; 0.686             ;
; engine|recurrence|arithmetic|field0|forward_transform|stage14.shared_shuffle|lower_tags|shallow_registers.original|short_logic.chain[1][3]    ; engine|recurrence|arithmetic|field0|forward_transform|stage14.shared_shuffle|upper_tags|shallow_registers.original|short_logic.chain[0][3] ; 0.672             ;
; engine|recurrence|arithmetic|field0|forward_transform|stage14.shared_shuffle|lower_tags|shallow_registers.original|short_logic.chain[1][4]    ; engine|recurrence|arithmetic|field0|forward_transform|stage14.shared_shuffle|upper_tags|shallow_registers.original|short_logic.chain[0][4] ; 0.670             ;
; engine|recurrence|arithmetic|field0|forward_transform|stage10.shared_shuffle|upper_tags|short_mlab.memory_rtl_0|auto_generated|dataout_reg[1] ; engine|recurrence|arithmetic|field0|forward_transform|stage10.shared_shuffle|output_generation[1]                                          ; 0.660             ;
; engine|recurrence|arithmetic|field0|forward_transform|stage14.shared_shuffle|lower_tags|shallow_registers.original|short_logic.chain[1][9]    ; engine|recurrence|arithmetic|field0|forward_transform|stage14.shared_shuffle|upper_tags|shallow_registers.original|short_logic.chain[0][9] ; 0.659             ;
; engine|recurrence|arithmetic|field0|forward_transform|stage10.shared_shuffle|upper_tags|short_mlab.memory_rtl_0|auto_generated|dataout_reg[2] ; engine|recurrence|arithmetic|field0|forward_transform|stage10.shared_shuffle|output_generation[2]                                          ; 0.653             ;
; engine|recurrence|arithmetic|field1|forward_transform|stage11.shared_shuffle|upper_tags|short_mlab.memory_rtl_0|auto_generated|dataout_reg[6] ; engine|recurrence|arithmetic|field1|forward_transform|stage11.shared_shuffle|output_generation[6]                                          ; 0.652             ;
; engine|recurrence|arithmetic|field0|forward_transform|stage10.shared_shuffle|upper_tags|short_mlab.memory_rtl_0|auto_generated|dataout_reg[4] ; engine|recurrence|arithmetic|field0|forward_transform|stage10.shared_shuffle|output_generation[4]                                          ; 0.651             ;
; engine|recurrence|arithmetic|field1|forward_transform|stage10.shared_shuffle|upper_tags|short_mlab.memory_rtl_0|auto_generated|dataout_reg[7] ; engine|recurrence|arithmetic|field1|forward_transform|stage10.shared_shuffle|output_generation[7]                                          ; 0.650             ;
; engine|recurrence|arithmetic|field1|inverse_transform|stage6.shared_shuffle|upper_tags|short_mlab.memory_rtl_0|auto_generated|dataout_reg[5]  ; engine|recurrence|arithmetic|field1|inverse_transform|stage6.shared_shuffle|output_generation[5]                                           ; 0.648             ;
; engine|recurrence|arithmetic|field1|forward_transform|stage11.shared_shuffle|upper_tags|short_mlab.memory_rtl_0|auto_generated|dataout_reg[1] ; engine|recurrence|arithmetic|field1|forward_transform|stage11.shared_shuffle|output_generation[1]                                          ; 0.646             ;
; engine|recurrence|arithmetic|field1|forward_transform|stage10.shared_shuffle|upper_tags|short_mlab.memory_rtl_0|auto_generated|dataout_reg[0] ; engine|recurrence|arithmetic|field1|forward_transform|stage10.shared_shuffle|output_generation[0]                                          ; 0.646             ;
; engine|recurrence|arithmetic|field1|inverse_transform|stage7.shared_shuffle|upper_tags|short_mlab.memory_rtl_0|auto_generated|dataout_reg[6]  ; engine|recurrence|arithmetic|field1|inverse_transform|stage7.shared_shuffle|output_generation[6]                                           ; 0.642             ;
; engine|recurrence|arithmetic|field0|forward_transform|stage14.shared_shuffle|lower_tags|shallow_registers.original|short_logic.chain[1][7]    ; engine|recurrence|arithmetic|field0|forward_transform|stage14.shared_shuffle|upper_tags|shallow_registers.original|short_logic.chain[0][7] ; 0.639             ;
; engine|recurrence|arithmetic|field1|forward_transform|stage15.shared_shuffle|lower_tags|shallow_registers.original|short_logic.chain[0][3]    ; engine|recurrence|arithmetic|field1|forward_transform|stage15.shared_shuffle|upper_tags|shallow_registers.original|short_logic.chain[0][3] ; 0.637             ;
; engine|recurrence|arithmetic|field0|inverse_transform|stage8.shared_shuffle|upper_tags|short_mlab.memory_rtl_0|auto_generated|dataout_reg[0]  ; engine|recurrence|arithmetic|field0|inverse_transform|stage8.shared_shuffle|generation_out[0]                                              ; 0.637             ;
; engine|recurrence|arithmetic|field1|forward_transform|stage10.shared_shuffle|upper_tags|short_mlab.memory_rtl_0|auto_generated|dataout_reg[1] ; engine|recurrence|arithmetic|field1|forward_transform|stage10.shared_shuffle|output_generation[1]                                          ; 0.635             ;
; engine|recurrence|arithmetic|field0|forward_transform|stage14.shared_shuffle|lower_tags|shallow_registers.original|short_logic.chain[1][5]    ; engine|recurrence|arithmetic|field0|forward_transform|stage14.shared_shuffle|upper_tags|shallow_registers.original|short_logic.chain[0][5] ; 0.634             ;
; engine|recurrence|arithmetic|field0|forward_transform|stage10.shared_shuffle|upper_tags|short_mlab.memory_rtl_0|auto_generated|dataout_reg[0] ; engine|recurrence|arithmetic|field0|forward_transform|stage10.shared_shuffle|output_generation[0]                                          ; 0.632             ;
; engine|recurrence|arithmetic|field1|inverse_transform|stage9.shared_shuffle|upper_tags|short_mlab.memory_rtl_0|auto_generated|dataout_reg[6]  ; engine|recurrence|arithmetic|field1|inverse_transform|stage9.shared_shuffle|output_generation[6]                                           ; 0.631             ;
; engine|recurrence|arithmetic|field1|forward_transform|stage10.shared_shuffle|upper_tags|short_mlab.memory_rtl_0|auto_generated|dataout_reg[2] ; engine|recurrence|arithmetic|field1|forward_transform|stage10.shared_shuffle|output_generation[2]                                          ; 0.626             ;
; engine|recurrence|arithmetic|field0|forward_transform|stage10.shared_shuffle|upper_tags|short_mlab.memory_rtl_0|auto_generated|dataout_reg[3] ; engine|recurrence|arithmetic|field0|forward_transform|stage10.shared_shuffle|output_generation[3]                                          ; 0.625             ;
; engine|recurrence|arithmetic|field0|forward_transform|stage14.shared_shuffle|lower_tags|shallow_registers.original|short_logic.chain[1][1]    ; engine|recurrence|arithmetic|field0|forward_transform|stage14.shared_shuffle|upper_tags|shallow_registers.original|short_logic.chain[0][1] ; 0.625             ;
; engine|recurrence|arithmetic|field1|forward_transform|stage14.shared_shuffle|lower_tags|shallow_registers.original|short_logic.chain[1][5]    ; engine|recurrence|arithmetic|field1|forward_transform|stage14.shared_shuffle|upper_tags|shallow_registers.original|short_logic.chain[0][5] ; 0.624             ;
; engine|recurrence|arithmetic|field1|forward_transform|stage10.shared_shuffle|upper_tags|short_mlab.memory_rtl_0|auto_generated|dataout_reg[4] ; engine|recurrence|arithmetic|field1|forward_transform|stage10.shared_shuffle|output_generation[4]                                          ; 0.623             ;
; engine|recurrence|arithmetic|field0|forward_transform|stage14.shared_shuffle|lower_tags|shallow_registers.original|short_logic.chain[1][0]    ; engine|recurrence|arithmetic|field0|forward_transform|stage14.shared_shuffle|upper_tags|shallow_registers.original|short_logic.chain[0][0] ; 0.622             ;
; engine|recurrence|arithmetic|field0|forward_transform|stage12.shared_shuffle|upper_tags|short_mlab.memory_rtl_0|auto_generated|dataout_reg[7] ; engine|recurrence|arithmetic|field0|forward_transform|stage12.shared_shuffle|output_generation[7]                                          ; 0.621             ;
; engine|recurrence|arithmetic|field0|forward_transform|stage12.shared_shuffle|upper_tags|short_mlab.memory_rtl_0|auto_generated|dataout_reg[2] ; engine|recurrence|arithmetic|field0|forward_transform|stage12.shared_shuffle|output_generation[2]                                          ; 0.618             ;
; engine|recurrence|arithmetic|field0|inverse_transform|stage8.shared_shuffle|upper_tags|short_mlab.memory_rtl_0|auto_generated|dataout_reg[4]  ; engine|recurrence|arithmetic|field0|inverse_transform|stage8.shared_shuffle|generation_out[4]                                              ; 0.617             ;
; engine|recurrence|arithmetic|field0|forward_transform|stage12.shared_shuffle|upper_tags|short_mlab.memory_rtl_0|auto_generated|dataout_reg[6] ; engine|recurrence|arithmetic|field0|forward_transform|stage12.shared_shuffle|output_generation[6]                                          ; 0.613             ;
; engine|recurrence|arithmetic|field0|forward_transform|stage14.shared_shuffle|lower_tags|shallow_registers.original|short_logic.chain[1][6]    ; engine|recurrence|arithmetic|field0|forward_transform|stage14.shared_shuffle|upper_tags|shallow_registers.original|short_logic.chain[0][6] ; 0.611             ;
; engine|recurrence|arithmetic|field2|inverse_transform|stage5.shared_shuffle|upper_tags|shallow_registers.original|short_logic.chain[1][5]     ; engine|recurrence|arithmetic|field2|inverse_transform|stage5.shared_shuffle|output_generation[5]                                           ; 0.607             ;
; engine|recurrence|arithmetic|field1|forward_transform|stage14.shared_shuffle|lower_tags|shallow_registers.original|short_logic.chain[1][9]    ; engine|recurrence|arithmetic|field1|forward_transform|stage14.shared_shuffle|upper_tags|shallow_registers.original|short_logic.chain[0][9] ; 0.605             ;
; engine|recurrence|arithmetic|field1|inverse_transform|stage7.shared_shuffle|upper_tags|short_mlab.memory_rtl_0|auto_generated|dataout_reg[7]  ; engine|recurrence|arithmetic|field1|inverse_transform|stage7.shared_shuffle|output_generation[7]                                           ; 0.601             ;
; engine|recurrence|arithmetic|field1|forward_transform|stage14.shared_shuffle|lower_tags|shallow_registers.original|short_logic.chain[1][3]    ; engine|recurrence|arithmetic|field1|forward_transform|stage14.shared_shuffle|upper_tags|shallow_registers.original|short_logic.chain[0][3] ; 0.601             ;
; engine|recurrence|arithmetic|field0|inverse_transform|stage7.shared_shuffle|upper_tags|short_mlab.memory_rtl_0|auto_generated|dataout_reg[7]  ; engine|recurrence|arithmetic|field0|inverse_transform|stage7.shared_shuffle|generation_out[7]                                              ; 0.600             ;
; engine|recurrence|arithmetic|field0|forward_transform|stage12.shared_shuffle|upper_tags|short_mlab.memory_rtl_0|auto_generated|dataout_reg[3] ; engine|recurrence|arithmetic|field0|forward_transform|stage12.shared_shuffle|output_generation[3]                                          ; 0.598             ;
; engine|recurrence|arithmetic|field1|forward_transform|stage15.shared_shuffle|lower_tags|shallow_registers.original|short_logic.chain[0][1]    ; engine|recurrence|arithmetic|field1|forward_transform|stage15.shared_shuffle|upper_tags|shallow_registers.original|short_logic.chain[0][1] ; 0.597             ;
; engine|recurrence|arithmetic|field1|inverse_transform|stage9.shared_shuffle|upper_tags|short_mlab.memory_rtl_0|auto_generated|dataout_reg[7]  ; engine|recurrence|arithmetic|field1|inverse_transform|stage9.shared_shuffle|output_generation[7]                                           ; 0.596             ;
; engine|recurrence|arithmetic|field1|inverse_transform|stage7.shared_shuffle|upper_tags|short_mlab.memory_rtl_0|auto_generated|dataout_reg[5]  ; engine|recurrence|arithmetic|field1|inverse_transform|stage7.shared_shuffle|output_generation[5]                                           ; 0.595             ;
; engine|recurrence|arithmetic|field2|inverse_transform|stage5.shared_shuffle|upper_tags|shallow_registers.original|short_logic.chain[1][3]     ; engine|recurrence|arithmetic|field2|inverse_transform|stage5.shared_shuffle|output_generation[3]                                           ; 0.594             ;
; engine|recurrence|arithmetic|field2|inverse_transform|stage7.shared_shuffle|upper_tags|short_mlab.memory_rtl_0|auto_generated|dataout_reg[7]  ; engine|recurrence|arithmetic|field2|inverse_transform|stage7.shared_shuffle|output_generation[7]                                           ; 0.592             ;
; engine|recurrence|arithmetic|field0|forward_transform|stage14.shared_shuffle|upper_tags|shallow_registers.original|short_logic.chain[1][4]    ; engine|recurrence|arithmetic|field0|forward_transform|stage14.shared_shuffle|generation_out[4]                                             ; 0.591             ;
; engine|recurrence|arithmetic|field1|forward_transform|stage13.shared_shuffle|upper_tags|short_mlab.memory_rtl_0|auto_generated|dataout_reg[4] ; engine|recurrence|arithmetic|field1|forward_transform|stage13.shared_shuffle|output_generation[4]                                          ; 0.591             ;
; engine|recurrence|arithmetic|field1|forward_transform|stage14.shared_shuffle|lower_tags|shallow_registers.original|short_logic.chain[1][6]    ; engine|recurrence|arithmetic|field1|forward_transform|stage14.shared_shuffle|upper_tags|shallow_registers.original|short_logic.chain[0][6] ; 0.591             ;
; engine|recurrence|arithmetic|field1|forward_transform|stage13.shared_shuffle|upper_tags|short_mlab.memory_rtl_0|auto_generated|dataout_reg[6] ; engine|recurrence|arithmetic|field1|forward_transform|stage13.shared_shuffle|output_generation[6]                                          ; 0.590             ;
; engine|recurrence|arithmetic|field0|inverse_transform|stage5.shared_shuffle|lower_tags|shallow_registers.original|short_logic.chain[1][4]     ; engine|recurrence|arithmetic|field0|inverse_transform|stage5.shared_shuffle|upper_tags|shallow_registers.original|short_logic.chain[0][4]  ; 0.589             ;
; engine|recurrence|arithmetic|field1|forward_transform|stage11.shared_shuffle|upper_tags|short_mlab.memory_rtl_0|auto_generated|dataout_reg[3] ; engine|recurrence|arithmetic|field1|forward_transform|stage11.shared_shuffle|output_generation[3]                                          ; 0.586             ;
; engine|recurrence|arithmetic|field1|forward_transform|stage14.shared_shuffle|lower_tags|shallow_registers.original|short_logic.chain[1][0]    ; engine|recurrence|arithmetic|field1|forward_transform|stage14.shared_shuffle|upper_tags|shallow_registers.original|short_logic.chain[0][0] ; 0.584             ;
; engine|recurrence|arithmetic|field0|forward_transform|stage12.shared_shuffle|upper_tags|short_mlab.memory_rtl_0|auto_generated|dataout_reg[5] ; engine|recurrence|arithmetic|field0|forward_transform|stage12.shared_shuffle|output_generation[5]                                          ; 0.583             ;
; engine|recurrence|arithmetic|field1|inverse_transform|stage5.shared_shuffle|lower_tags|shallow_registers.original|short_logic.chain[1][9]     ; engine|recurrence|arithmetic|field1|inverse_transform|stage5.shared_shuffle|upper_tags|shallow_registers.original|short_logic.chain[0][9]  ; 0.582             ;
; engine|recurrence|arithmetic|field1|inverse_transform|stage7.shared_shuffle|upper_tags|short_mlab.memory_rtl_0|auto_generated|dataout_reg[4]  ; engine|recurrence|arithmetic|field1|inverse_transform|stage7.shared_shuffle|output_generation[4]                                           ; 0.582             ;
; engine|recurrence|arithmetic|field1|forward_transform|stage15.shared_shuffle|lower_tags|shallow_registers.original|short_logic.chain[0][9]    ; engine|recurrence|arithmetic|field1|forward_transform|stage15.shared_shuffle|upper_tags|shallow_registers.original|short_logic.chain[0][9] ; 0.581             ;
; engine|recurrence|arithmetic|field1|forward_transform|stage14.shared_shuffle|lower_tags|shallow_registers.original|short_logic.chain[1][7]    ; engine|recurrence|arithmetic|field1|forward_transform|stage14.shared_shuffle|upper_tags|shallow_registers.original|short_logic.chain[0][7] ; 0.580             ;
; engine|recurrence|arithmetic|field0|inverse_transform|stage4.shared_shuffle|lower_tags|shallow_registers.original|short_logic.chain[0][1]     ; engine|recurrence|arithmetic|field0|inverse_transform|stage4.shared_shuffle|upper_tags|shallow_registers.original|short_logic.chain[0][1]  ; 0.579             ;
; engine|recurrence|arithmetic|field1|inverse_transform|stage4.shared_shuffle|lower_tags|shallow_registers.original|short_logic.filled[0]       ; engine|recurrence|arithmetic|field1|inverse_transform|stage4.shared_shuffle|upper_tags|shallow_registers.original|short_logic.chain[0][0]  ; 0.579             ;
; engine|recurrence|arithmetic|field2|inverse_transform|stage5.shared_shuffle|lower_tags|shallow_registers.original|short_logic.chain[1][0]     ; engine|recurrence|arithmetic|field2|inverse_transform|stage5.shared_shuffle|upper_tags|shallow_registers.original|short_logic.chain[0][0]  ; 0.578             ;
; engine|recurrence|arithmetic|field1|inverse_transform|stage5.shared_shuffle|upper_tags|shallow_registers.original|short_logic.chain[1][6]     ; engine|recurrence|arithmetic|field1|inverse_transform|stage5.shared_shuffle|output_generation[6]                                           ; 0.577             ;
; engine|recurrence|arithmetic|field2|inverse_transform|stage8.shared_shuffle|upper_tags|short_mlab.memory_rtl_0|auto_generated|dataout_reg[2]  ; engine|recurrence|arithmetic|field2|inverse_transform|stage8.shared_shuffle|output_generation[2]                                           ; 0.576             ;
; engine|recurrence|arithmetic|field1|forward_transform|stage15.shared_shuffle|lower_tags|shallow_registers.original|short_logic.chain[0][0]    ; engine|recurrence|arithmetic|field1|forward_transform|stage15.shared_shuffle|upper_tags|shallow_registers.original|short_logic.chain[0][0] ; 0.576             ;
; engine|recurrence|arithmetic|field1|inverse_transform|stage5.shared_shuffle|upper_tags|shallow_registers.original|short_logic.chain[1][7]     ; engine|recurrence|arithmetic|field1|inverse_transform|stage5.shared_shuffle|output_generation[7]                                           ; 0.576             ;
; engine|recurrence|arithmetic|field0|inverse_transform|stage5.shared_shuffle|lower_tags|shallow_registers.original|short_logic.chain[1][3]     ; engine|recurrence|arithmetic|field0|inverse_transform|stage5.shared_shuffle|upper_tags|shallow_registers.original|short_logic.chain[0][3]  ; 0.575             ;
; engine|recurrence|arithmetic|field2|forward_transform|stage14.shared_shuffle|upper_tags|shallow_registers.original|short_logic.chain[1][4]    ; engine|recurrence|arithmetic|field2|forward_transform|stage14.shared_shuffle|output_generation[4]                                          ; 0.575             ;
; engine|recurrence|arithmetic|field0|forward_transform|stage13.shared_shuffle|upper_tags|short_mlab.memory_rtl_0|auto_generated|dataout_reg[5] ; engine|recurrence|arithmetic|field0|forward_transform|stage13.shared_shuffle|output_generation[5]                                          ; 0.574             ;
; engine|recurrence|arithmetic|field0|inverse_transform|stage4.shared_shuffle|lower_tags|shallow_registers.original|short_logic.chain[0][5]     ; engine|recurrence|arithmetic|field0|inverse_transform|stage4.shared_shuffle|upper_tags|shallow_registers.original|short_logic.chain[0][5]  ; 0.573             ;
; engine|recurrence|arithmetic|field0|inverse_transform|stage6.shared_shuffle|upper_tags|short_mlab.memory_rtl_0|auto_generated|dataout_reg[7]  ; engine|recurrence|arithmetic|field0|inverse_transform|stage6.shared_shuffle|output_generation[7]                                           ; 0.572             ;
; engine|recurrence|arithmetic|field2|inverse_transform|stage7.shared_shuffle|upper_tags|short_mlab.memory_rtl_0|auto_generated|dataout_reg[2]  ; engine|recurrence|arithmetic|field2|inverse_transform|stage7.shared_shuffle|output_generation[2]                                           ; 0.571             ;
; engine|recurrence|arithmetic|arithmetic[10].carry|split_second|payloads[11][39]                                                               ; engine|recurrence|arithmetic|arithmetic[10].carry|y_offset[7]                                                                              ; 0.570             ;
; engine|recurrence|arithmetic|arithmetic[10].carry|split_second|payloads[11][37]                                                               ; engine|recurrence|arithmetic|arithmetic[10].carry|y_offset[5]                                                                              ; 0.570             ;
; engine|recurrence|arithmetic|field1|inverse_transform|stage4.shared_shuffle|lower_tags|shallow_registers.original|short_logic.chain[0][6]     ; engine|recurrence|arithmetic|field1|inverse_transform|stage4.shared_shuffle|upper_tags|shallow_registers.original|short_logic.chain[0][6]  ; 0.570             ;
; engine|recurrence|arithmetic|field2|inverse_transform|stage7.shared_shuffle|upper_tags|short_mlab.memory_rtl_0|auto_generated|dataout_reg[4]  ; engine|recurrence|arithmetic|field2|inverse_transform|stage7.shared_shuffle|output_generation[4]                                           ; 0.570             ;
; engine|recurrence|arithmetic|field2|inverse_transform|stage5.shared_shuffle|lower_tags|shallow_registers.original|short_logic.chain[1][1]     ; engine|recurrence|arithmetic|field2|inverse_transform|stage5.shared_shuffle|upper_tags|shallow_registers.original|short_logic.chain[0][1]  ; 0.568             ;
; engine|recurrence|arithmetic|field1|forward_transform|stage15.shared_shuffle|lower_tags|shallow_registers.original|short_logic.chain[0][4]    ; engine|recurrence|arithmetic|field1|forward_transform|stage15.shared_shuffle|upper_tags|shallow_registers.original|short_logic.chain[0][4] ; 0.568             ;
; engine|final_c0[222]                                                                                                                          ; engine|final_image|correction0[6][30]                                                                                                      ; 0.567             ;
; engine|recurrence|arithmetic|field1|forward_transform|stage15.shared_shuffle|lower_tags|shallow_registers.original|short_logic.chain[0][7]    ; engine|recurrence|arithmetic|field1|forward_transform|stage15.shared_shuffle|upper_tags|shallow_registers.original|short_logic.chain[0][7] ; 0.567             ;
; engine|recurrence|arithmetic|field2|inverse_transform|stage8.shared_shuffle|upper_tags|short_mlab.memory_rtl_0|auto_generated|dataout_reg[1]  ; engine|recurrence|arithmetic|field2|inverse_transform|stage8.shared_shuffle|output_generation[1]                                           ; 0.567             ;
; engine|recurrence|arithmetic|field1|inverse_transform|stage5.shared_shuffle|lower_tags|shallow_registers.original|short_logic.chain[1][2]     ; engine|recurrence|arithmetic|field1|inverse_transform|stage5.shared_shuffle|upper_tags|shallow_registers.original|short_logic.chain[0][2]  ; 0.567             ;
; engine|recurrence|arithmetic|field2|inverse_transform|stage4.shared_shuffle|lower_tags|shallow_registers.original|short_logic.chain[0][7]     ; engine|recurrence|arithmetic|field2|inverse_transform|stage4.shared_shuffle|upper_tags|shallow_registers.original|short_logic.chain[0][7]  ; 0.567             ;
; engine|recurrence|arithmetic|field2|inverse_transform|stage4.shared_shuffle|lower_tags|shallow_registers.original|short_logic.chain[0][1]     ; engine|recurrence|arithmetic|field2|inverse_transform|stage4.shared_shuffle|upper_tags|shallow_registers.original|short_logic.chain[0][1]  ; 0.567             ;
; engine|recurrence|arithmetic|field0|forward_transform|stage13.shared_shuffle|upper_tags|short_mlab.memory_rtl_0|auto_generated|dataout_reg[4] ; engine|recurrence|arithmetic|field0|forward_transform|stage13.shared_shuffle|output_generation[4]                                          ; 0.566             ;
; engine|recurrence|arithmetic|field1|inverse_transform|stage5.shared_shuffle|lower_tags|shallow_registers.original|short_logic.chain[1][7]     ; engine|recurrence|arithmetic|field1|inverse_transform|stage5.shared_shuffle|upper_tags|shallow_registers.original|short_logic.chain[0][7]  ; 0.565             ;
; engine|final_c0[42]                                                                                                                           ; engine|final_image|correction0[1][10]                                                                                                      ; 0.564             ;
; engine|recurrence|arithmetic|field2|inverse_transform|stage5.shared_shuffle|lower_tags|shallow_registers.original|short_logic.chain[1][3]     ; engine|recurrence|arithmetic|field2|inverse_transform|stage5.shared_shuffle|upper_tags|shallow_registers.original|short_logic.chain[0][3]  ; 0.564             ;
; engine|recurrence|arithmetic|field1|inverse_transform|stage5.shared_shuffle|lower_tags|shallow_registers.original|short_logic.chain[1][1]     ; engine|recurrence|arithmetic|field1|inverse_transform|stage5.shared_shuffle|upper_tags|shallow_registers.original|short_logic.chain[0][1]  ; 0.564             ;
; engine|recurrence|arithmetic|field1|inverse_transform|stage4.shared_shuffle|lower_tags|shallow_registers.original|short_logic.chain[0][0]     ; engine|recurrence|arithmetic|field1|inverse_transform|stage4.shared_shuffle|upper_tags|shallow_registers.original|short_logic.chain[0][0]  ; 0.563             ;
; engine|recurrence|arithmetic|field2|forward_transform|stage10.shared_shuffle|upper_tags|short_mlab.memory_rtl_0|auto_generated|dataout_reg[3] ; engine|recurrence|arithmetic|field2|forward_transform|stage10.shared_shuffle|output_generation[3]                                          ; 0.563             ;
; engine|recurrence|arithmetic|field1|inverse_transform|stage5.shared_shuffle|lower_tags|shallow_registers.original|short_logic.chain[1][3]     ; engine|recurrence|arithmetic|field1|inverse_transform|stage5.shared_shuffle|upper_tags|shallow_registers.original|short_logic.chain[0][3]  ; 0.563             ;
; engine|recurrence|arithmetic|field2|inverse_transform|stage4.shared_shuffle|lower_tags|shallow_registers.original|short_logic.chain[0][2]     ; engine|recurrence|arithmetic|field2|inverse_transform|stage4.shared_shuffle|upper_tags|shallow_registers.original|short_logic.chain[0][2]  ; 0.562             ;
; engine|recurrence|arithmetic|field1|inverse_transform|stage6.shared_shuffle|upper_tags|short_mlab.memory_rtl_0|auto_generated|dataout_reg[1]  ; engine|recurrence|arithmetic|field1|inverse_transform|stage6.shared_shuffle|output_generation[1]                                           ; 0.562             ;
; engine|recurrence|arithmetic|field0|inverse_transform|stage4.shared_shuffle|lower_tags|shallow_registers.original|short_logic.chain[0][4]     ; engine|recurrence|arithmetic|field0|inverse_transform|stage4.shared_shuffle|upper_tags|shallow_registers.original|short_logic.chain[0][4]  ; 0.560             ;
; engine|recurrence|arithmetic|field2|forward_transform|stage14.shared_shuffle|lower_tags|shallow_registers.original|short_logic.chain[1][1]    ; engine|recurrence|arithmetic|field2|forward_transform|stage14.shared_shuffle|upper_tags|shallow_registers.original|short_logic.chain[0][1] ; 0.560             ;
; engine|recurrence|arithmetic|field2|inverse_transform|stage8.shared_shuffle|upper_tags|short_mlab.memory_rtl_0|auto_generated|dataout_reg[0]  ; engine|recurrence|arithmetic|field2|inverse_transform|stage8.shared_shuffle|output_generation[0]                                           ; 0.559             ;
; engine|recurrence|arithmetic|field0|inverse_transform|stage6.shared_shuffle|upper_tags|short_mlab.memory_rtl_0|auto_generated|dataout_reg[4]  ; engine|recurrence|arithmetic|field0|inverse_transform|stage6.shared_shuffle|output_generation[4]                                           ; 0.558             ;
; engine|recurrence|arithmetic|field0|inverse_transform|stage4.shared_shuffle|lower_tags|shallow_registers.original|short_logic.chain[0][0]     ; engine|recurrence|arithmetic|field0|inverse_transform|stage4.shared_shuffle|upper_tags|shallow_registers.original|short_logic.chain[0][0]  ; 0.558             ;
; engine|recurrence|arithmetic|field1|inverse_transform|stage4.shared_shuffle|lower_tags|shallow_registers.original|short_logic.chain[0][2]     ; engine|recurrence|arithmetic|field1|inverse_transform|stage4.shared_shuffle|upper_tags|shallow_registers.original|short_logic.chain[0][2]  ; 0.558             ;
; engine|recurrence|arithmetic|field2|forward_transform|stage14.shared_shuffle|lower_tags|shallow_registers.original|short_logic.chain[1][3]    ; engine|recurrence|arithmetic|field2|forward_transform|stage14.shared_shuffle|upper_tags|shallow_registers.original|short_logic.chain[0][3] ; 0.557             ;
; engine|recurrence|arithmetic|field0|forward_transform|stage15.shared_shuffle|lower_tags|shallow_registers.original|short_logic.chain[0][7]    ; engine|recurrence|arithmetic|field0|forward_transform|stage15.shared_shuffle|upper_tags|shallow_registers.original|short_logic.chain[0][7] ; 0.556             ;
; engine|recurrence|arithmetic|field0|inverse_transform|stage4.shared_shuffle|lower_tags|shallow_registers.original|short_logic.chain[0][7]     ; engine|recurrence|arithmetic|field0|inverse_transform|stage4.shared_shuffle|upper_tags|shallow_registers.original|short_logic.chain[0][7]  ; 0.556             ;
+-----------------------------------------------------------------------------------------------------------------------------------------------+--------------------------------------------------------------------------------------------------------------------------------------------+-------------------+
Note: This table only shows the top 100 path(s) that have the largest delay added for hold.


--------------------------------------
; Global Router Wire Utilization Map ;
--------------------------------------
This report is unavailable in plain text report export.


+-------------------------------------------------------------------------------+
; Peak Wire Demand Summary                                                      ;
+-----------------+-----------+-----------------------------------+-------------+
; Wire            ; Direction ; Grid [(Xmin, Ymin), (Xmax, Ymax)] ; Peak Demand ;
+-----------------+-----------+-----------------------------------+-------------+
; short           ; right     ; [(136, 0), (143, 6)]              ; 63.423 %    ;
; short           ; left      ; [(120, 105), (127, 111)]          ; 70.370 %    ;
; short           ; up        ; [(160, 147), (167, 153)]          ; 71.603 %    ;
; short           ; down      ; [(184, 140), (191, 146)]          ; 70.076 %    ;
; long high speed ; right     ; [(200, 147), (207, 153)]          ; 150.000 %   ;
; long high speed ; left      ; [(176, 133), (183, 139)]          ; 137.500 %   ;
; long high speed ; up        ; [(216, 133), (223, 139)]          ; 106.250 %   ;
; long high speed ; down      ; [(160, 147), (167, 153)]          ; 156.250 %   ;
+-----------------+-----------+-----------------------------------+-------------+


+--------------------------------------------------------------------------------------------------------------------------------------------------------------------------------------------------------------------------------------------------------------------+
; Peak Wire Demand Details                                                                                                                                                                                                                                           ;
+-----------------+-----------+-----------------------------------+-------------+------------------------------------------------------------------------------------------------------------------------------------------------------------------------------------+
; Wire            ; Direction ; Grid [(Xmin, Ymin), (Xmax, Ymax)] ; Peak Demand ; Net Names                                                                                                                                                                          ;
+-----------------+-----------+-----------------------------------+-------------+------------------------------------------------------------------------------------------------------------------------------------------------------------------------------------+
; short           ; right     ; [(136, 0), (143, 6)]              ; 63.423 %    ;    High Routing Fan-Out                                                                                                                                                            ;
;     --          ;           ;                                   ;             ; engine|recurrence|arithmetic|field1|inverse_transform|stage7.bf4|multiplier|core|out_valid                                                                                         ;
;     --          ;           ;                                   ;             ; engine|recurrence|arithmetic|field1|inverse_transform|stage7.bf2|multiplier|core|out_valid                                                                                         ;
;     --          ;           ;                                   ;             ; engine|recurrence|arithmetic|field1|inverse_transform|stage7.bf6|multiplier|core|out_valid                                                                                         ;
;     --          ;           ;                                   ;             ; engine|recurrence|arithmetic|field1|inverse_transform|stage7.bf2|multiplier|core|result[10]                                                                                        ;
;     --          ;           ;                                   ;             ; engine|recurrence|arithmetic|field1|inverse_transform|stage7.bf2|prefix_pipe[4][25]                                                                                                ;
;     --          ;           ;                                   ;             ; engine|recurrence|arithmetic|field1|inverse_transform|stage7.bf2|prefix_pipe[4][9]                                                                                                 ;
;     --          ;           ;                                   ;             ; engine|recurrence|arithmetic|field1|inverse_transform|stage7.bf2|multiplier|core|result[9]                                                                                         ;
;     --          ;           ;                                   ;             ; engine|recurrence|arithmetic|field1|inverse_transform|stage7.bf2|multiplier|core|result[8]                                                                                         ;
;     --          ;           ;                                   ;             ; engine|recurrence|arithmetic|field1|inverse_transform|stage7.bf2|multiplier|core|result[7]                                                                                         ;
;     --          ;           ;                                   ;             ; engine|recurrence|arithmetic|field1|inverse_transform|stage7.bf2|multiplier|core|result[6]                                                                                         ;
; short           ; right     ; [(136, 0), (143, 6)]              ; 63.423 %    ;    Long Distance                                                                                                                                                                   ;
;     --          ;           ;                                   ;             ; engine|recurrence|arithmetic|field1|inverse_transform|stage7.bf2|multiplier|core|out_valid                                                                                         ;
;     --          ;           ;                                   ;             ; engine|recurrence|arithmetic|field1|inverse_transform|stage7.bf6|multiplier|core|out_valid                                                                                         ;
;     --          ;           ;                                   ;             ; engine|recurrence|arithmetic|field1|inverse_transform|stage7.bf4|multiplier|core|out_valid                                                                                         ;
;     --          ;           ;                                   ;             ; engine|recurrence|arithmetic|field1|inverse_transform|stage7.bf6|y1[23]                                                                                                            ;
;     --          ;           ;                                   ;             ; engine|recurrence|arithmetic|field1|inverse_transform|stage7.bf6|y1[11]                                                                                                            ;
;     --          ;           ;                                   ;             ; engine|recurrence|arithmetic|field1|inverse_transform|stage7.bf4|y0[22]                                                                                                            ;
;     --          ;           ;                                   ;             ; engine|recurrence|arithmetic|field1|inverse_transform|stage7.bf6|y0[19]                                                                                                            ;
;     --          ;           ;                                   ;             ; engine|recurrence|arithmetic|field1|inverse_transform|stage7.bf6|y0[25]                                                                                                            ;
;     --          ;           ;                                   ;             ; engine|recurrence|arithmetic|field1|inverse_transform|stage7.bf6|y0[23]                                                                                                            ;
;     --          ;           ;                                   ;             ; engine|recurrence|arithmetic|field1|inverse_transform|stage7.bf6|y0[27]                                                                                                            ;
; short           ; left      ; [(120, 105), (127, 111)]          ; 70.370 %    ;    High Routing Fan-Out                                                                                                                                                            ;
;     --          ;           ;                                   ;             ; engine|recurrence|i1591~0                                                                                                                                                          ;
;     --          ;           ;                                   ;             ; engine|recurrence|i1592~0                                                                                                                                                          ;
;     --          ;           ;                                   ;             ; engine|recurrence|arithmetic|field0|forward_transform|stage14.bf3|multiplier|core|valid_pipe[0]                                                                                    ;
;     --          ;           ;                                   ;             ; engine|recurrence|arithmetic|field0|forward_transform|stage14.bf7|multiplier|core|valid_pipe[2]                                                                                    ;
;     --          ;           ;                                   ;             ; engine|recurrence|arithmetic|field0|forward_transform|stage14.bf3|multiplier|core|valid_pipe[1]                                                                                    ;
;     --          ;           ;                                   ;             ; engine|recurrence|arithmetic|field0|forward_transform|stage14.bf2|multiplier|core|out_valid                                                                                        ;
;     --          ;           ;                                   ;             ; engine|recurrence|arithmetic|field0|forward_transform|stage14.bf0|multiplier|core|out_valid                                                                                        ;
;     --          ;           ;                                   ;             ; engine|recurrence|arithmetic|field0|forward_transform|stage14.bf7|multiplier|core|out_valid                                                                                        ;
;     --          ;           ;                                   ;             ; engine|recurrence|arithmetic|field0|forward_transform|stage14.bf7|multiplier|core|LessThan_1~11                                                                                    ;
;     --          ;           ;                                   ;             ; engine|recurrence|arithmetic|field0|forward_transform|stage14.bf3|multiplier|core|valid_pipe[2]                                                                                    ;
; short           ; left      ; [(120, 105), (127, 111)]          ; 70.370 %    ;    Long Distance                                                                                                                                                                   ;
;     --          ;           ;                                   ;             ; engine|recurrence|arithmetic|field2|reducers[5].digits|s1[13]                                                                                                                      ;
;     --          ;           ;                                   ;             ; engine|recurrence|arithmetic|field2|reducers[13].boundary|residue[5]                                                                                                               ;
;     --          ;           ;                                   ;             ; engine|recurrence|arithmetic|field2|reducers[13].boundary|residue[23]                                                                                                              ;
;     --          ;           ;                                   ;             ; engine|recurrence|arithmetic|field2|reducers[13].boundary|residue[22]                                                                                                              ;
;     --          ;           ;                                   ;             ; engine|recurrence|arithmetic|field2|reducers[13].boundary|residue[21]                                                                                                              ;
;     --          ;           ;                                   ;             ; engine|recurrence|arithmetic|field2|reducers[13].boundary|residue[19]                                                                                                              ;
;     --          ;           ;                                   ;             ; engine|recurrence|arithmetic|field2|reducers[13].boundary|residue[17]                                                                                                              ;
;     --          ;           ;                                   ;             ; engine|recurrence|arithmetic|field2|reducers[13].boundary|residue[15]                                                                                                              ;
;     --          ;           ;                                   ;             ; engine|recurrence|arithmetic|field2|reducers[13].boundary|residue[14]                                                                                                              ;
;     --          ;           ;                                   ;             ; engine|recurrence|arithmetic|field2|reducers[13].boundary|residue[13]                                                                                                              ;
; short           ; up        ; [(160, 147), (167, 153)]          ; 71.603 %    ;    High Routing Fan-Out                                                                                                                                                            ;
;     --          ;           ;                                   ;             ; engine|recurrence|arithmetic|field0|i4295~0                                                                                                                                        ;
;     --          ;           ;                                   ;             ; engine|recurrence|arithmetic|field0|i4823~0                                                                                                                                        ;
;     --          ;           ;                                   ;             ; engine|recurrence|i1972~0                                                                                                                                                          ;
;     --          ;           ;                                   ;             ; engine|recurrence|arithmetic|field0|reducers[0].boundary|magnitude_path|i134                                                                                                       ;
;     --          ;           ;                                   ;             ; engine|recurrence|arithmetic|field0|reducers[7].boundary|legal~2                                                                                                                   ;
;     --          ;           ;                                   ;             ; engine|recurrence|arithmetic|field0|reducers[7].boundary|magnitude_path|LessThan_0~2                                                                                               ;
;     --          ;           ;                                   ;             ; engine|recurrence|arithmetic|field0|reducers[0].boundary|admitted_limit[0]~4                                                                                                       ;
;     --          ;           ;                                   ;             ; engine|recurrence|arithmetic|field0|reducers[0].boundary|admitted_limit[0]~3                                                                                                       ;
;     --          ;           ;                                   ;             ; engine|recurrence|arithmetic|field0|reducers[7].boundary|magnitude_path|reduce_nor_0~14                                                                                            ;
;     --          ;           ;                                   ;             ; engine|recurrence|arithmetic|field0|reducers[7].boundary|magnitude_path|reduce_nor_0~13                                                                                            ;
; short           ; up        ; [(160, 147), (167, 153)]          ; 71.603 %    ;    Long Distance                                                                                                                                                                   ;
;     --          ;           ;                                   ;             ; engine|recurrence|arithmetic|shared_setup|accepted_base[31]                                                                                                                        ;
;     --          ;           ;                                   ;             ; engine|recurrence|arithmetic|shared_setup|accepted_base[30]                                                                                                                        ;
;     --          ;           ;                                   ;             ; job_base[26]                                                                                                                                                                       ;
;     --          ;           ;                                   ;             ; engine|recurrence|arithmetic|field0|reducers[12].boundary|magnitude_path|tag3[24]                                                                                                  ;
;     --          ;           ;                                   ;             ; engine|recurrence|arithmetic|arithmetic[13].carry|split_second|limb[0].product[0].partial[52]                                                                                      ;
;     --          ;           ;                                   ;             ; engine|recurrence|arithmetic|arithmetic[6].carry|split_second|limb[0].product[1].partial[29]                                                                                       ;
;     --          ;           ;                                   ;             ; engine|recurrence|arithmetic|arithmetic[6].carry|split_second|limb[0].product[0].partial[35]                                                                                       ;
;     --          ;           ;                                   ;             ; engine|recurrence|arithmetic|arithmetic[6].carry|split_second|limb[0].product[1].partial[30]                                                                                       ;
;     --          ;           ;                                   ;             ; engine|recurrence|arithmetic|arithmetic[6].carry|split_second|limb[0].product[1].partial[32]                                                                                       ;
;     --          ;           ;                                   ;             ; engine|recurrence|arithmetic|arithmetic[6].carry|split_second|limb[0].product[1].partial[34]                                                                                       ;
; short           ; down      ; [(184, 140), (191, 146)]          ; 70.076 %    ;    High Routing Fan-Out                                                                                                                                                            ;
;     --          ;           ;                                   ;             ; engine|recurrence|arithmetic|field1|i3855~0                                                                                                                                        ;
;     --          ;           ;                                   ;             ; engine|recurrence|arithmetic|field1|reducers[11].boundary|add_1~29                                                                                                                 ;
;     --          ;           ;                                   ;             ; engine|recurrence|arithmetic|field1|reducers[11].boundary|add_1~45                                                                                                                 ;
;     --          ;           ;                                   ;             ; engine|recurrence|arithmetic|field1|reducers[11].boundary|add_1~33                                                                                                                 ;
;     --          ;           ;                                   ;             ; engine|recurrence|arithmetic|field1|reducers[11].boundary|add_1~57                                                                                                                 ;
;     --          ;           ;                                   ;             ; engine|recurrence|arithmetic|field1|reducers[11].boundary|add_1~17                                                                                                                 ;
;     --          ;           ;                                   ;             ; engine|recurrence|arithmetic|field1|reducers[11].boundary|add_1~69                                                                                                                 ;
;     --          ;           ;                                   ;             ; engine|recurrence|arithmetic|field1|reducers[11].boundary|add_1~41                                                                                                                 ;
;     --          ;           ;                                   ;             ; engine|recurrence|arithmetic|field1|reducers[11].boundary|add_1~65                                                                                                                 ;
;     --          ;           ;                                   ;             ; engine|recurrence|arithmetic|field1|reducers[11].boundary|add_1~61                                                                                                                 ;
; short           ; down      ; [(184, 140), (191, 146)]          ; 70.076 %    ;    Long Distance                                                                                                                                                                   ;
;     --          ;           ;                                   ;             ; engine|recurrence|arithmetic|arithmetic[0].carry|normalize_boundary|digit[5]                                                                                                       ;
;     --          ;           ;                                   ;             ; engine|recurrence|arithmetic|arithmetic[3].carry|normalize_boundary|digit[7]                                                                                                       ;
;     --          ;           ;                                   ;             ; engine|recurrence|arithmetic|arithmetic[0].carry|normalize_boundary|digit[4]                                                                                                       ;
;     --          ;           ;                                   ;             ; engine|recurrence|arithmetic|arithmetic[3].carry|normalize_boundary|digit[0]                                                                                                       ;
;     --          ;           ;                                   ;             ; engine|recurrence|arithmetic|arithmetic[3].carry|normalize_boundary|digit[2]                                                                                                       ;
;     --          ;           ;                                   ;             ; engine|recurrence|i2043~0                                                                                                                                                          ;
;     --          ;           ;                                   ;             ; engine|recurrence|arithmetic|arithmetic[3].carry|normalize_boundary|digit[12]                                                                                                      ;
;     --          ;           ;                                   ;             ; engine|recurrence|arithmetic|arithmetic[6].carry|normalize_boundary|digit[5]                                                                                                       ;
;     --          ;           ;                                   ;             ; engine|recurrence|arithmetic|arithmetic[3].carry|normalize_boundary|digit[8]                                                                                                       ;
;     --          ;           ;                                   ;             ; engine|recurrence|arithmetic|arithmetic[0].carry|normalize_boundary|digit[0]                                                                                                       ;
; long high speed ; right     ; [(200, 147), (207, 153)]          ; 150.000 %   ;    High Routing Fan-Out                                                                                                                                                            ;
;     --          ;           ;                                   ;             ; engine|recurrence|arithmetic|arithmetic[15].carry|i440~28                                                                                                                          ;
;     --          ;           ;                                   ;             ; engine|final_image|image_banks[1].image_ram|i38~0                                                                                                                                  ;
;     --          ;           ;                                   ;             ; engine|final_image|image_banks[2].image_ram|i38~0                                                                                                                                  ;
;     --          ;           ;                                   ;             ; engine|recurrence|arithmetic|arithmetic[2].carry|digits|carry_out[2]                                                                                                               ;
;     --          ;           ;                                   ;             ; engine|recurrence|arithmetic|arithmetic[3].carry|i528~0                                                                                                                            ;
;     --          ;           ;                                   ;             ; engine|final_image|ram_ra[2][11]~264                                                                                                                                               ;
;     --          ;           ;                                   ;             ; engine|final_image|ram_wa[2][8]~104                                                                                                                                                ;
;     --          ;           ;                                   ;             ; engine|final_image|ram_ra[2][10]~268                                                                                                                                               ;
;     --          ;           ;                                   ;             ; engine|final_image|ram_ra[2][9]~272                                                                                                                                                ;
;     --          ;           ;                                   ;             ; engine|final_image|ram_ra[2][7]~280                                                                                                                                                ;
; long high speed ; right     ; [(200, 147), (207, 153)]          ; 150.000 %   ;    Long Distance                                                                                                                                                                   ;
;     --          ;           ;                                   ;             ; engine|recurrence|arithmetic|shared_setup|accepted_base[10]                                                                                                                        ;
;     --          ;           ;                                   ;             ; engine|recurrence|arithmetic|arithmetic[3].carry|i528~0                                                                                                                            ;
;     --          ;           ;                                   ;             ; engine|recurrence|arithmetic|field2|high_correction[380]                                                                                                                           ;
;     --          ;           ;                                   ;             ; engine|recurrence|arithmetic|field2|high_correction[371]                                                                                                                           ;
;     --          ;           ;                                   ;             ; engine|recurrence|arithmetic|field2|high_correction[211]                                                                                                                           ;
;     --          ;           ;                                   ;             ; engine|recurrence|arithmetic|arithmetic[15].carry|i440~28                                                                                                                          ;
;     --          ;           ;                                   ;             ; engine|recurrence|arithmetic|arithmetic[2].carry|split_first|estimate_d[71]                                                                                                        ;
;     --          ;           ;                                   ;             ; engine|recurrence|arithmetic|arithmetic[2].carry|split_first|estimate[73]                                                                                                          ;
;     --          ;           ;                                   ;             ; engine|recurrence|arithmetic|arithmetic[2].carry|split_first|estimate[59]                                                                                                          ;
;     --          ;           ;                                   ;             ; engine|recurrence|arithmetic|arithmetic[2].carry|split_first|estimate[75]                                                                                                          ;
; long high speed ; left      ; [(176, 133), (183, 139)]          ; 137.500 %   ;    High Routing Fan-Out                                                                                                                                                            ;
;     --          ;           ;                                   ;             ; engine|recurrence|arithmetic|field1|epoch_protocol|frame_accept~0                                                                                                                  ;
;     --          ;           ;                                   ;             ; engine|recurrence|i1940~0                                                                                                                                                          ;
;     --          ;           ;                                   ;             ; engine|recurrence|i1289~1                                                                                                                                                          ;
;     --          ;           ;                                   ;             ; engine|recurrence|i1289~17                                                                                                                                                         ;
;     --          ;           ;                                   ;             ; engine|recurrence|arithmetic|arithmetic[11].carry|state.ACTIVE                                                                                                                     ;
;     --          ;           ;                                   ;             ; engine|recurrence|i1986~0                                                                                                                                                          ;
;     --          ;           ;                                   ;             ; engine|recurrence|arithmetic|field0|i1744~5                                                                                                                                        ;
;     --          ;           ;                                   ;             ; engine|recurrence|arithmetic|field0|i1744~6                                                                                                                                        ;
;     --          ;           ;                                   ;             ; engine|recurrence|arithmetic|field0|i1336~6                                                                                                                                        ;
;     --          ;           ;                                   ;             ; engine|recurrence|i2121~0                                                                                                                                                          ;
; long high speed ; left      ; [(176, 133), (183, 139)]          ; 137.500 %   ;    Long Distance                                                                                                                                                                   ;
;     --          ;           ;                                   ;             ; engine|recurrence|arithmetic|arithmetic[6].carry|split_second|magnitude[37]                                                                                                        ;
;     --          ;           ;                                   ;             ; engine|recurrence|arithmetic|arithmetic[6].carry|split_second|magnitude[40]                                                                                                        ;
;     --          ;           ;                                   ;             ; engine|recurrence|arithmetic|arithmetic[6].carry|split_second|magnitude[28]                                                                                                        ;
;     --          ;           ;                                   ;             ; engine|recurrence|arithmetic|arithmetic[6].carry|split_second|magnitude[39]                                                                                                        ;
;     --          ;           ;                                   ;             ; engine|recurrence|arithmetic|arithmetic[6].carry|split_second|magnitude[1]                                                                                                         ;
;     --          ;           ;                                   ;             ; engine|recurrence|arithmetic|arithmetic[6].carry|split_second|magnitude[2]                                                                                                         ;
;     --          ;           ;                                   ;             ; engine|recurrence|arithmetic|arithmetic[6].carry|split_second|magnitude[0]                                                                                                         ;
;     --          ;           ;                                   ;             ; engine|recurrence|arithmetic|arithmetic[6].carry|split_second|magnitude[3]                                                                                                         ;
;     --          ;           ;                                   ;             ; engine|recurrence|arithmetic|arithmetic[6].carry|split_second|magnitude[12]                                                                                                        ;
;     --          ;           ;                                   ;             ; engine|recurrence|arithmetic|arithmetic[6].carry|split_second|magnitude[17]                                                                                                        ;
; long high speed ; up        ; [(216, 133), (223, 139)]          ; 106.250 %   ;    High Routing Fan-Out                                                                                                                                                            ;
;     --          ;           ;                                   ;             ; engine|recurrence|arithmetic|field1|inverse_transform|stage13.shared_shuffle|lower_out[206]                                                                                        ;
;     --          ;           ;                                   ;             ; engine|recurrence|arithmetic|field1|inverse_transform|stage13.shared_shuffle|lower_out[214]                                                                                        ;
;     --          ;           ;                                   ;             ; engine|recurrence|arithmetic|field1|inverse_transform|stage13.shared_shuffle|lower_out[213]                                                                                        ;
;     --          ;           ;                                   ;             ; engine|recurrence|arithmetic|field1|inverse_transform|stage13.shared_shuffle|lower_out[212]                                                                                        ;
;     --          ;           ;                                   ;             ; engine|recurrence|arithmetic|field1|inverse_transform|stage13.shared_shuffle|lower_out[211]                                                                                        ;
;     --          ;           ;                                   ;             ; engine|recurrence|arithmetic|field1|inverse_transform|stage13.shared_shuffle|lower_out[210]                                                                                        ;
;     --          ;           ;                                   ;             ; engine|recurrence|arithmetic|field1|inverse_transform|stage13.shared_shuffle|lower_out[209]                                                                                        ;
;     --          ;           ;                                   ;             ; engine|recurrence|arithmetic|field1|inverse_transform|stage13.shared_shuffle|lower_out[208]                                                                                        ;
;     --          ;           ;                                   ;             ; engine|recurrence|arithmetic|field1|inverse_transform|stage13.shared_shuffle|lower_out[207]                                                                                        ;
;     --          ;           ;                                   ;             ; engine|recurrence|arithmetic|field1|inverse_transform|stage13.shared_shuffle|lower_out[215]                                                                                        ;
; long high speed ; up        ; [(216, 133), (223, 139)]          ; 106.250 %   ;    Long Distance                                                                                                                                                                   ;
;     --          ;           ;                                   ;             ; engine|recurrence|arithmetic|field1|inverse_transform|stage13.shared_shuffle|lanes[0].lower_values|unchanged_deep_ram.original|synchronous_ram.memory_rtl_0|auto_generated|q_b[4]  ;
;     --          ;           ;                                   ;             ; engine|recurrence|arithmetic|field1|inverse_transform|stage13.shared_shuffle|lanes[0].lower_values|unchanged_deep_ram.original|synchronous_ram.memory_rtl_0|auto_generated|q_b[12] ;
;     --          ;           ;                                   ;             ; engine|recurrence|arithmetic|field1|inverse_transform|stage13.shared_shuffle|lanes[0].lower_values|unchanged_deep_ram.original|synchronous_ram.memory_rtl_0|auto_generated|q_b[13] ;
;     --          ;           ;                                   ;             ; engine|recurrence|arithmetic|field1|inverse_transform|stage13.shared_shuffle|lanes[0].lower_values|unchanged_deep_ram.original|synchronous_ram.memory_rtl_0|auto_generated|q_b[17] ;
;     --          ;           ;                                   ;             ; engine|recurrence|arithmetic|field1|inverse_transform|stage13.shared_shuffle|lanes[0].lower_values|unchanged_deep_ram.original|synchronous_ram.memory_rtl_0|auto_generated|q_b[26] ;
;     --          ;           ;                                   ;             ; engine|recurrence|arithmetic|field1|inverse_transform|stage13.shared_shuffle|lower_out[177]                                                                                        ;
;     --          ;           ;                                   ;             ; engine|recurrence|arithmetic|field1|inverse_transform|stage13.shared_shuffle|lanes[5].lower_values|unchanged_deep_ram.original|synchronous_ram.memory_rtl_0|auto_generated|q_b[3]  ;
;     --          ;           ;                                   ;             ; engine|recurrence|arithmetic|field1|inverse_transform|stage13.shared_shuffle|lanes[1].lower_values|unchanged_deep_ram.original|synchronous_ram.memory_rtl_0|auto_generated|q_b[12] ;
;     --          ;           ;                                   ;             ; engine|recurrence|arithmetic|field1|inverse_transform|stage13.shared_shuffle|lanes[1].lower_values|unchanged_deep_ram.original|synchronous_ram.memory_rtl_0|auto_generated|q_b[16] ;
;     --          ;           ;                                   ;             ; engine|recurrence|arithmetic|field1|inverse_transform|stage13.shared_shuffle|lanes[0].lower_values|unchanged_deep_ram.original|synchronous_ram.memory_rtl_0|auto_generated|q_b[23] ;
; long high speed ; down      ; [(160, 147), (167, 153)]          ; 156.250 %   ;    High Routing Fan-Out                                                                                                                                                            ;
;     --          ;           ;                                   ;             ; engine|recurrence|arithmetic|arithmetic[15].carry|i440~28                                                                                                                          ;
;     --          ;           ;                                   ;             ; engine|recurrence|i2164~0                                                                                                                                                          ;
;     --          ;           ;                                   ;             ; engine|recurrence|arithmetic|arithmetic[1].carry|i1444~0                                                                                                                           ;
;     --          ;           ;                                   ;             ; engine|recurrence|arithmetic|arithmetic[12].carry|i1444~0                                                                                                                          ;
;     --          ;           ;                                   ;             ; engine|recurrence|arithmetic|arithmetic[9].carry|i1444~0                                                                                                                           ;
;     --          ;           ;                                   ;             ; engine|recurrence|i2178~0                                                                                                                                                          ;
;     --          ;           ;                                   ;             ; engine|recurrence|i2171~0                                                                                                                                                          ;
;     --          ;           ;                                   ;             ; engine|recurrence|arithmetic|arithmetic[13].carry|state.IDLE                                                                                                                       ;
;     --          ;           ;                                   ;             ; engine|recurrence|i2184~0                                                                                                                                                          ;
;     --          ;           ;                                   ;             ; engine|recurrence|i2180~0                                                                                                                                                          ;
; long high speed ; down      ; [(160, 147), (167, 153)]          ; 156.250 %   ;    Long Distance                                                                                                                                                                   ;
;     --          ;           ;                                   ;             ; engine|recurrence|arithmetic|arithmetic[15].carry|i440~28                                                                                                                          ;
;     --          ;           ;                                   ;             ; engine|recurrence|arithmetic|arithmetic[11].carry|split_second|magnitude[31]                                                                                                       ;
;     --          ;           ;                                   ;             ; engine|recurrence|arithmetic|arithmetic[13].carry|normalize_boundary|out_valid                                                                                                     ;
;     --          ;           ;                                   ;             ; engine|recurrence|arithmetic|arithmetic[9].carry|normalize_boundary|digit[3]                                                                                                       ;
;     --          ;           ;                                   ;             ; engine|recurrence|arithmetic|arithmetic[9].carry|normalize_boundary|digit[23]                                                                                                      ;
;     --          ;           ;                                   ;             ; engine|recurrence|arithmetic|arithmetic[9].carry|normalize_boundary|digit[22]                                                                                                      ;
;     --          ;           ;                                   ;             ; engine|recurrence|arithmetic|arithmetic[14].carry|normalize_boundary|digit[0]                                                                                                      ;
;     --          ;           ;                                   ;             ; engine|recurrence|arithmetic|arithmetic[11].carry|split_second|magnitude[32]                                                                                                       ;
;     --          ;           ;                                   ;             ; engine|recurrence|arithmetic|arithmetic[4].carry|boundary_high[22]                                                                                                                 ;
;     --          ;           ;                                   ;             ; engine|recurrence|arithmetic|arithmetic[4].carry|boundary_high[20]                                                                                                                 ;
+-----------------+-----------+-----------------------------------+-------------+------------------------------------------------------------------------------------------------------------------------------------------------------------------------------------+


+----------------------------------------------------------------------------------------------------------+
; Peak Total Grid Crossings                                                                                ;
+-----------------------------------------------------------------------------------+----------------------+
; Net Name                                                                          ; Total Grid Crossings ;
+-----------------------------------------------------------------------------------+----------------------+
; rst_n~input                                                                       ; 430                  ;
; ~GND                                                                              ; 346                  ;
; engine|recurrence|arithmetic|field1|inverse_transform|stop                        ; 104                  ;
; engine|recurrence|arithmetic|field1|inverse_transform|stage4.shared_shuffle|i98~0 ; 99                   ;
; engine|recurrence|arithmetic|shared_setup|reciprocal[70]                          ; 88                   ;
; engine|recurrence|arithmetic|shared_setup|reciprocal[74]                          ; 87                   ;
; engine|recurrence|arithmetic|shared_setup|reciprocal[62]                          ; 87                   ;
; engine|recurrence|arithmetic|shared_setup|reciprocal[55]                          ; 87                   ;
; engine|recurrence|arithmetic|shared_setup|reciprocal[49]                          ; 87                   ;
; engine|recurrence|arithmetic|shared_setup|reciprocal[95]                          ; 86                   ;
; engine|recurrence|arithmetic|shared_setup|reciprocal[88]                          ; 86                   ;
; engine|recurrence|arithmetic|shared_setup|reciprocal[77]                          ; 86                   ;
; engine|recurrence|arithmetic|shared_setup|reciprocal[51]                          ; 85                   ;
; engine|recurrence|arithmetic|shared_setup|reciprocal[78]                          ; 84                   ;
; engine|recurrence|arithmetic|shared_setup|reciprocal[93]                          ; 83                   ;
; engine|recurrence|arithmetic|shared_setup|reciprocal[87]                          ; 83                   ;
; engine|recurrence|arithmetic|shared_setup|reciprocal[84]                          ; 82                   ;
; engine|recurrence|arithmetic|shared_setup|reciprocal[79]                          ; 82                   ;
; engine|recurrence|arithmetic|shared_setup|reciprocal[60]                          ; 82                   ;
; engine|recurrence|arithmetic|shared_setup|reciprocal[53]                          ; 82                   ;
; engine|recurrence|arithmetic|shared_setup|reciprocal[94]                          ; 80                   ;
; engine|recurrence|arithmetic|shared_setup|reciprocal[91]                          ; 80                   ;
; engine|recurrence|arithmetic|shared_setup|reciprocal[64]                          ; 80                   ;
; engine|recurrence|arithmetic|shared_setup|reciprocal[57]                          ; 80                   ;
; engine|recurrence|arithmetic|shared_setup|reciprocal[54]                          ; 80                   ;
; engine|recurrence|arithmetic|shared_setup|reciprocal[85]                          ; 79                   ;
; engine|recurrence|arithmetic|shared_setup|reciprocal[76]                          ; 78                   ;
; engine|recurrence|arithmetic|shared_setup|reciprocal[72]                          ; 78                   ;
; engine|recurrence|arithmetic|shared_setup|reciprocal[67]                          ; 78                   ;
; engine|recurrence|arithmetic|shared_setup|reciprocal[92]                          ; 77                   ;
; engine|recurrence|arithmetic|shared_setup|reciprocal[83]                          ; 77                   ;
; engine|recurrence|arithmetic|shared_setup|reciprocal[73]                          ; 77                   ;
; engine|recurrence|arithmetic|shared_setup|reciprocal[61]                          ; 77                   ;
; engine|recurrence|arithmetic|shared_setup|reciprocal[56]                          ; 77                   ;
; engine|recurrence|arithmetic|shared_setup|reciprocal[89]                          ; 76                   ;
; engine|recurrence|arithmetic|shared_setup|reciprocal[86]                          ; 75                   ;
; engine|recurrence|arithmetic|shared_setup|reciprocal[63]                          ; 75                   ;
; engine|recurrence|arithmetic|shared_setup|reciprocal[59]                          ; 75                   ;
; engine|recurrence|arithmetic|shared_setup|reciprocal[58]                          ; 75                   ;
; engine|recurrence|arithmetic|shared_setup|reciprocal[52]                          ; 75                   ;
; engine|recurrence|arithmetic|shared_setup|reciprocal[50]                          ; 75                   ;
; engine|recurrence|arithmetic|shared_setup|reciprocal[90]                          ; 74                   ;
; engine|recurrence|arithmetic|shared_setup|reciprocal[71]                          ; 74                   ;
; engine|recurrence|arithmetic|shared_setup|reciprocal[66]                          ; 74                   ;
; engine|recurrence|arithmetic|field2|inverse_transform|stop                        ; 73                   ;
; engine|recurrence|arithmetic|shared_setup|reciprocal[81]                          ; 73                   ;
; engine|recurrence|arithmetic|shared_setup|reciprocal[68]                          ; 73                   ;
; engine|recurrence|arithmetic|shared_setup|reciprocal[48]                          ; 72                   ;
; engine|recurrence|arithmetic|shared_setup|reciprocal[80]                          ; 71                   ;
; engine|recurrence|arithmetic|shared_setup|reciprocal[65]                          ; 71                   ;
+-----------------------------------------------------------------------------------+----------------------+


--------------------------------------------
; Global Router Congestion Hotspot Summary ;
--------------------------------------------
No congestion hotspots found where global router short wire usage exceeded 100%.
If the design is hard to route, use other techniques to analyze congestion. Refer to the Estimated Delay Added for Hold Timing section in the Fitter report and routing utilization in the Chip Planner.


